// Jest Snapshot v1, https://goo.gl/fbAQLP

exports[`Should create a new form 1`] = `
<App>
  <div
    className="App"
  >
    <UserList
      users={
        Array [
          Object {
            "age": 21,
            "email": "peter@yahoo.com",
            "id": 1,
            "lastname": "Smith",
            "name": "Peter",
          },
          Object {
            "id": 2,
            "lastname": "Dow",
            "name": "Paul",
          },
          Object {
            "id": 3,
            "lastname": "Johnson",
            "name": "Luke",
          },
          Object {
            "id": 4,
            "lastname": "Richards",
            "name": "Matthew",
          },
        ]
      }
    >
      <ul>
        <ListItem
          age={21}
          email="peter@yahoo.com"
          id={1}
          key="1"
          lastname="Smith"
          name="Peter"
        >
          <li
            key="1"
          >
            Smith, Peter: 21 (peter@yahoo.com)
            <button
              onClick={[Function]}
              type="button"
            >
              Edit
            </button>
          </li>
        </ListItem>
        <ListItem
          id={2}
          key="2"
          lastname="Dow"
          name="Paul"
        >
          <li
            key="2"
          >
            Dow, Paul: n/a (n/a)
            <button
              onClick={[Function]}
              type="button"
            >
              Edit
            </button>
          </li>
        </ListItem>
        <ListItem
          id={3}
          key="3"
          lastname="Johnson"
          name="Luke"
        >
          <li
            key="3"
          >
            Johnson, Luke: n/a (n/a)
            <button
              onClick={[Function]}
              type="button"
            >
              Edit
            </button>
          </li>
        </ListItem>
        <ListItem
          id={4}
          key="4"
          lastname="Richards"
          name="Matthew"
        >
          <li
            key="4"
          >
            Richards, Matthew: n/a (n/a)
            <button
              onClick={[Function]}
              type="button"
            >
              Edit
            </button>
          </li>
        </ListItem>
      </ul>
    </UserList>
    <_default>
      <form
        onSubmit={[Function]}
      >
        <_default
          handleBlur={[Function]}
          handleChange={[Function]}
          label="Name"
          name="name"
        >
          <label
            htmlFor="name"
          >
            Name
            :
            <input
              name="name"
              onBlur={[Function]}
              onChange={[Function]}
              type="text"
              value=""
            />
          </label>
        </_default>
        <_default
          handleBlur={[Function]}
          handleChange={[Function]}
          label="Last name"
          name="lastname"
        >
          <label
            htmlFor="lastname"
          >
            Last name
            :
            <input
              name="lastname"
              onBlur={[Function]}
              onChange={[Function]}
              type="text"
              value=""
            />
          </label>
        </_default>
        <_default
          handleBlur={[Function]}
          handleChange={[Function]}
          label="E-mail"
          name="email"
        >
          <label
            htmlFor="email"
          >
            E-mail
            :
            <input
              name="email"
              onBlur={[Function]}
              onChange={[Function]}
              type="text"
              value=""
            />
          </label>
        </_default>
        <_default
          handleBlur={[Function]}
          handleChange={[Function]}
          label="Age"
          name="age"
          values={
            Array [
              "",
              19,
              20,
              21,
              22,
            ]
          }
        >
          <label
            htmlFor="age"
          >
            Age
            :
            <select
              name="age"
              onChange={[Function]}
            >
              <option
                key=""
              />
              <option
                key="19"
              >
                19
              </option>
              <option
                key="20"
              >
                20
              </option>
              <option
                key="21"
              >
                21
              </option>
              <option
                key="22"
              >
                22
              </option>
            </select>
          </label>
        </_default>
        <input
          disabled={false}
          type="submit"
        />
        <button
          onClick={[Function]}
          type="button"
        >
          Clear fields
        </button>
      </form>
    </_default>
  </div>
</App>
`;

exports[`we change first render 1`] = `
<form
  onSubmit={[Function]}
>
  <_default
    handleBlur={[Function]}
    handleChange={[Function]}
    label="Name"
    name="name"
  />
  <_default
    handleBlur={[Function]}
    handleChange={[Function]}
    label="Last name"
    name="lastname"
  />
  <_default
    handleBlur={[Function]}
    handleChange={[Function]}
    label="E-mail"
    name="email"
  />
  <_default
    handleBlur={[Function]}
    handleChange={[Function]}
    label="Age"
    name="age"
    values={
      Array [
        "",
        19,
        20,
        21,
        22,
      ]
    }
  />
  <input
    disabled={true}
    type="submit"
  />
  <button
    onClick={[Function]}
    type="button"
  >
    Clear fields
  </button>
</form>
`;
